[backblue.gif]
[fade.gif]
[index.html]
[www.fukusima.co.jp/en/js/scroll.js]
[www.fukusima.co.jp/en/js/changecsstop.js]
[www.fukusima.co.jp/en/js/swpimg.js]
[www.fukusima.co.jp/en/topimg/colblock_h01i.gif]
[www.fukusima.co.jp/en/topimg/colblock_h02i.gif]
[www.fukusima.co.jp/en/topimg/colblock_h03i.gif]
[www.fukusima.co.jp/en/topimg/colblock_h04i.gif]
[www.fukusima.co.jp/en/topimg/colblock_h05i.gif]
[www.fukusima.co.jp/en/share_img/left.gif]
[www.fukusima.co.jp/en/share_img/spacer.gif]
[www.fukusima.co.jp/en/share_img/logo.gif]
[www.fukusima.co.jp/en/share_img/head_link-j.gif]
[www.fukusima.co.jp/en/share_img/gmenu01.gif]
[www.fukusima.co.jp/en/share_img/gmenu02.gif]
[www.fukusima.co.jp/en/share_img/gmenu03.gif]
[www.fukusima.co.jp/en/share_img/gmenu04.gif]
[www.fukusima.co.jp/en/share_img/file.gif]
[www.fukusima.co.jp/en/js/topflash.js]
[www.fukusima.co.jp/en/topimg/main.jpg]
[www.fukusima.co.jp/en/topimg/colblock_h01.gif]
[www.fukusima.co.jp/en/topimg/t_prb01.gif]
[www.fukusima.co.jp/en/topimg/t_prb02.gif]
[www.fukusima.co.jp/en/topimg/t_prb03.gif]
[www.fukusima.co.jp/en/topimg/t_prb04.gif]
[www.fukusima.co.jp/en/topimg/colblock_h02.gif]
[www.fukusima.co.jp/en/topimg/colblock_h03.gif]
[www.fukusima.co.jp/en/topimg/colblock_h04.gif]
[www.fukusima.co.jp/en/topimg/colblock_h05.gif]
[www.fukusima.co.jp/en/topimg/pagetop.gif]
[www.fukusima.co.jp/en/share_img/footer2.gif]
[www.fukusima.co.jp/en/share_img/right.gif]
[www.fukusima.co.jp/en/index.html]
[www.fukusima.co.jp/en/share_img/bg.gif]
[www.fukusima.co.jp/en/css/share.css]
[www.fukusima.co.jp/en/company/img/menu_back.gif]
[www.fukusima.co.jp/en/css/share02.css]
[www.fukusima.co.jp/en/topimg/colblockbg02.gif]
[www.fukusima.co.jp/en/topimg/colblockbg01.gif]
[www.fukusima.co.jp/en/css/index.css]
[www.fukusima.co.jp/en/css/fontm.css]
[www.fukusima.co.jp/en/css/fonts.css]
[www.fukusima.co.jp/en/css/fontb.css]
[www.fukusima.co.jp/en/js/changecss.js]
[www.fukusima.co.jp/en/share_img/gmenu02i.gif]
[www.fukusima.co.jp/en/products/img/left_head.gif]
[www.fukusima.co.jp/en/js/mainflash.js]
[www.fukusima.co.jp/en/products/img/main.jpg]
[www.fukusima.co.jp/en/products/img/product_p01.jpg]
[www.fukusima.co.jp/en/products/img/product_p02.jpg]
[www.fukusima.co.jp/en/products/img/product_p03.jpg]
[www.fukusima.co.jp/en/products/img/product_p04.jpg]
[www.fukusima.co.jp/en/products/img/pagetop.gif]
[www.fukusima.co.jp/en/products/index.html]
[www.fukusima.co.jp/en/share_img/gmenu03i.gif]
[www.fukusima.co.jp/en/company/img/left_head.gif]
[www.fukusima.co.jp/en/company/img/main.jpg]
[www.fukusima.co.jp/en/company/img/company_top01.gif]
[www.fukusima.co.jp/en/company/img/company_top02.gif]
[www.fukusima.co.jp/en/company/img/company_top03.gif]
[www.fukusima.co.jp/en/company/img/company_top04.gif]
[www.fukusima.co.jp/en/company/img/pagetop.gif]
[www.fukusima.co.jp/en/company/index.html]
[www.fukusima.co.jp/en/products/index-2.html]
[www.fukusima.co.jp/en/products/img/product_titlebar.jpg]
[www.fukusima.co.jp/en/products/img/products01-t.jpg]
[www.fukusima.co.jp/en/products/img/products01-c.gif]
[www.fukusima.co.jp/en/products/img/products01-p01.jpg]
[www.fukusima.co.jp/en/products/products01.html]
[www.fukusima.co.jp/en/products/img/products02-t.jpg]
[www.fukusima.co.jp/en/products/img/products02-c.gif]
[www.fukusima.co.jp/en/products/products02.html]
[www.fukusima.co.jp/en/products/img/products03-t.jpg]
[www.fukusima.co.jp/en/products/img/products03-c.gif]
[www.fukusima.co.jp/en/products/img/products03-p01.jpg]
[www.fukusima.co.jp/en/products/img/products03-p02.jpg]
[www.fukusima.co.jp/en/products/products03.html]
[www.fukusima.co.jp/en/products/img/products04-t.jpg]
[www.fukusima.co.jp/en/products/img/products04-c.gif]
[www.fukusima.co.jp/en/products/img/products04-p01.jpg]
[www.fukusima.co.jp/en/products/products04.html]
[www.fukusima.co.jp/en/company/img/company_titlebar.jpg]
[www.fukusima.co.jp/en/company/img/philosophy_t.gif]
[www.fukusima.co.jp/en/company/img/ph_main.gif]
[www.fukusima.co.jp/en/company/img/p_fukushima.jpg]
[www.fukusima.co.jp/en/company/img/ph01.gif]
[www.fukusima.co.jp/en/company/img/ph02.gif]
[www.fukusima.co.jp/en/company/img/ph03.gif]
[www.fukusima.co.jp/en/company/img/ph04.gif]
[www.fukusima.co.jp/en/company/philosophy.html]
[www.fukusima.co.jp/en/company/img/outline_t.gif]
[www.fukusima.co.jp/en/company/outline.html]
[www.fukusima.co.jp/en/company/img/history_t.gif]
[www.fukusima.co.jp/en/company/img/hi01.jpg]
[www.fukusima.co.jp/en/company/img/hi02.jpg]
[www.fukusima.co.jp/en/company/img/hi03.jpg]
[www.fukusima.co.jp/en/company/img/hi04.jpg]
[www.fukusima.co.jp/en/company/img/hi05.jpg]
[www.fukusima.co.jp/en/company/img/hi06.jpg]
[www.fukusima.co.jp/en/company/img/hi07.jpg]
[www.fukusima.co.jp/en/company/img/hi08.jpg]
[www.fukusima.co.jp/en/company/img/hi09.jpg]
[www.fukusima.co.jp/en/company/img/hi10.jpg]
[www.fukusima.co.jp/en/company/img/hi11.jpg]
[www.fukusima.co.jp/en/company/img/hi12.jpg]
[www.fukusima.co.jp/en/company/img/hi13.jpg]
[www.fukusima.co.jp/en/company/img/hi14.jpg]
[www.fukusima.co.jp/en/company/history.html]
[www.fukusima.co.jp/en/company/img/network_t.gif]
[www.fukusima.co.jp/en/company/img/worldmap_2.png]
[www.fukusima.co.jp/en/company/network.html]
[www.fukusima.co.jp/en/share_img/arrow.html]
[www.fukusima.co.jp/en/share_img/o_arrow.html]
[www.fukusima.co.jp/en/share_img/list-style02.html]
[www.fukusima.co.jp/en/products/img/menu_back.gif]
[www.fukusima.co.jp/en/products/img/product_hbg.gif]
[www.fukusima.co.jp/en/css/products.css]
[www.fukusima.co.jp/en/css/company.css]
[www.fukusima.co.jp/en/company/index-2.html]
[www.fukusima.co.jp/en/share_img/list-style01.html]
[www.fukusima.co.jp/en/products/super/img/bg_a01.html]
[www.fukusima.co.jp/en/products/bla/img/bg_a01.html]
[www.fukusima.co.jp/en/products/super/img/bg_a02.html]
[www.fukusima.co.jp/en/products/bla/img/bg_a02.html]
[www.fukusima.co.jp/en/products/super/img/bg_01-1.html]
[www.fukusima.co.jp/en/products/super/img/bg_02-1.html]
[www.fukusima.co.jp/en/products/super/img/bg_03-1.html]
[www.fukusima.co.jp/en/products/super/img/bg_04-1.html]
[www.fukusima.co.jp/en/products/super/img/bg_05-1.html]
[www.fukusima.co.jp/en/products/super/img/bg_06-1.html]
[www.fukusima.co.jp/en/products/super/img/bg_07-1.html]
[www.fukusima.co.jp/en/products/super/img/bg_01-3.html]
[www.fukusima.co.jp/en/products/super/img/bg_02-3.html]
[www.fukusima.co.jp/en/products/super/img/bg_03-3.html]
[www.fukusima.co.jp/en/products/super/img/bg_04-3.html]
[www.fukusima.co.jp/en/products/super/img/bg_05-3.html]
[www.fukusima.co.jp/en/products/super/img/bg_06-3.html]
[www.fukusima.co.jp/en/products/super/img/bg_07-3.html]
[www.fukusima.co.jp/en/products/super/img/bg_01-2.html]
[www.fukusima.co.jp/en/products/super/img/bg_02-2.html]
[www.fukusima.co.jp/en/products/super/img/bg_03-2.html]
[www.fukusima.co.jp/en/products/super/img/bg_04-2.html]
[www.fukusima.co.jp/en/products/super/img/bg_05-2.html]
[www.fukusima.co.jp/en/products/super/img/bg_06-2.html]
[www.fukusima.co.jp/en/products/super/img/bg_07-2.html]
[www.fukusima.co.jp/en/share_img/list-style04.html]
